// Jest Snapshot v1, https://goo.gl/fbAQLP

exports[`QuizStatusBar Component matches to the snapshot 1`] = `
<StatusBar
  animated={true}
  barStyle="dark-content"
  showHideTransition="fade"
/>
`;
