// Jest Snapshot v1, https://goo.gl/fbAQLP

exports[`Quiz Screen CategoryHeader Component matches to the snapshot 1`] = `
<Text
  style={
    Object {
      "color": "#0C9198",
      "fontSize": 36,
      "fontWeight": "bold",
      "textAlign": "center",
    }
  }
>
  History
</Text>
`;
